// Jest Snapshot v1, https://goo.gl/fbAQLP

exports[`Pruebas en <HeroList /> Si no hay heroes no debe mostrar nada 1`] = `
<div>
  <div
    class="row rows-cols-1 row-cols-md-3 g-3"
  />
</div>
`;
