// Jest Snapshot v1, https://goo.gl/fbAQLP

exports[`Testing <LoginPage /> Should show default values 1`] = `
<div>
  <div
    class="container mt-5"
  >
    <h1>
      LoginPage
    </h1>
    <hr />
    <button
      class="btn btn-primary"
    >
      Login
    </button>
  </div>
</div>
`;
